// Jest Snapshot v1, https://goo.gl/fbAQLP

exports[`should reander Masthead correctly 1`] = `
<styled.header>
  <styled.img
    alt="Tombstone Icon"
    src="assets/tombstone.svg"
  />
  <styled.h1>
    Killed by Google
  </styled.h1>
</styled.header>
`;
